<html>
<body>
<pre>
<h1>µVision Build Log</h1>
<h2>Project:</h2>
C:\Users\user\Desktop\Embedded Lab Codes\Embedded C\EM2bii) Ring Counter\ringcount.uvproj
Project File Date:  05/04/2021

<h2>Output:</h2>
Build target 'Target 1'
assembling startup_LPC17xx.s...
compiling ringcount.c...
ringcount.c(24): warning:  #1-D: last line of file ends without a newline
        }
ringcount.c: 1 warning, 0 errors
compiling system_LPC17xx.c...
linking...
Program Size: Code=1056 RO-data=340 RW-data=4 ZI-data=612  
".\ringcount.axf" - 0 Error(s), 1 Warning(s).
</pre>
</body>
</html>
