<html>
<body>
<pre>
<h1>µVision Build Log</h1>
<h2>Project:</h2>
C:\Users\user\Desktop\Embedded Lab Codes\Embedded C\EM 1d)- Buzzer\buzz.uvproj
Project File Date:  05/04/2021

<h2>Output:</h2>
Build target 'Target 1'
compiling buzz.c...
buzz.c(24): warning:  #1-D: last line of file ends without a newline
        }
buzz.c: 1 warning, 0 errors
linking...
Program Size: Code=1044 RO-data=352 RW-data=4 ZI-data=612  
".\buzz.axf" - 0 Error(s), 1 Warning(s).
</pre>
</body>
</html>
- 1 Error(s), 0 Warning(s).
Target not created
Error: Could not load file 'C:\Users\user\Desktop\Embedded Lab Codes\Embedded C\EM 1d)- Buzzer\buzz.axf'. Debugger aborted !
Error: Could not load file 'C:\Users\user\Desktop\Embedded Lab Codes\Embedded C\EM 1d)- Buzzer\buzz.axf'. Debugger aborted !
