<html>
<body>
<pre>
<h1>µVision Build Log</h1>
<h2>Project:</h2>
C:\Users\user\Desktop\Embedded Lab Codes\Embedded C\EM 2b)- Relay\relay.uvproj
Project File Date:  05/04/2021

<h2>Output:</h2>
Build target 'Target 1'
assembling startup_LPC17xx.s...
compiling relayy.c...
relayy.c(61): warning:  #1-D: last line of file ends without a newline
        }
relayy.c: 1 warning, 0 errors
compiling system_LPC17xx.c...
linking...
Program Size: Code=1308 RO-data=236 RW-data=8 ZI-data=608  
".\relay.axf" - 0 Error(s), 1 Warning(s).
</pre>
</body>
</html>
