<html>
<body>
<pre>
<h1>µVision Build Log</h1>
<h2>Project:</h2>
C:\Users\user\Desktop\Embedded Lab Codes\Embedded C\EM 3a)- ADC Relay\adcrelay.uvproj
Project File Date:  05/04/2021

<h2>Output:</h2>
Build target 'Target 1'
assembling startup_LPC17xx.s...
compiling adcrelay.c...
adcrelay.c(21): warning:  #1-D: last line of file ends without a newline
        }
adcrelay.c: 1 warning, 0 errors
compiling system_LPC17xx.c...
linking...
Program Size: Code=1096 RO-data=300 RW-data=8 ZI-data=608  
".\adcrelay.axf" - 0 Error(s), 1 Warning(s).
</pre>
</body>
</html>
