<html>
<body>
<pre>
<h1>µVision Build Log</h1>
<h2>Project:</h2>
C:\Users\user\Desktop\Embedded Lab Codes\Embedded C\EM 1c)- Relay\relays.uvproj
Project File Date:  05/04/2021

<h2>Output:</h2>
Build target 'Target 1'
compiling relays.c...
relays.c(26): warning:  #1-D: last line of file ends without a newline
        }
relays.c: 1 warning, 0 errors
linking...
Program Size: Code=1052 RO-data=344 RW-data=8 ZI-data=608  
".\relays.axf" - 0 Error(s), 1 Warning(s).
</pre>
</body>
</html>
ompiling system_LPC17xx.c...
linking...
Program Size: Code=1192 RO-data=236 RW-data=4 ZI-data=612  
".\relays.axf" - 0 Error(s), 2 Warning(s).
